// Jest Snapshot v1, https://goo.gl/fbAQLP

exports[`entry runs a test 1`] = `"hello world"`;
